// Jest Snapshot v1, https://goo.gl/fbAQLP

exports[`ContactDetailItem renders ContactDetailItem given empty 1`] = `
<div
  className="feature"
>
  <img
    src=""
  />
  <h5
    align="left"
  />
  <p
    align="left"
  />
</div>
`;

exports[`ContactDetailItem renders ContactDetailItem given non-empty content 1`] = `
<div
  className="feature"
>
  <img
    src=""
  />
  <h5
    align="left"
  />
  <p
    align="left"
  />
</div>
`;
